============================================================
  Generated by:           Genus(TM) Synthesis Solution 18.14-s037_1
  Generated on:           Sep 01 2026  02:54:00 pm
  Module:                 bmi_chip_top
  Operating conditions:   PVT_0P9V_125C 
  Interconnect mode:      global
  Area mode:              physical library
============================================================

-------------------------------------------------------------------------------
Sequential data pins driven by a clock signal

The following sequential data pins are driven by a clock signal:                

pin:bmi_chip_top/u_spi_sclk_sync1_reg/D
-------------------------------------------------------------------------------

-------------------------------------------------------------------------------
Timing exceptions with no effect

The following timing exceptions are not currently affecting timing in the       
design.  Either no paths in the design satisfy the exception's path             
specification, or all paths that satisfy the path specification also satisfy an 
exception with a higher priority.  You can improve runtime and memory usage by  
removing these exceptions if they are not truly needed.  To see if there is a   
path in the design that satisfies the path specification for an exception, or   
to see what other exception is overriding an exception because of priority, use 
the command:                                                                    
  report timing -paths [eval [::legacy::get_attribute paths <exception>]]

exception:bmi_chip_top/set_clock_groups_exception_bmi_chip_top.sdc_line_26
exception:bmi_chip_top/set_clock_groups_exception_bmi_chip_top.sdc_line_26_1
exception:bmi_chip_top/spi_sclk
-------------------------------------------------------------------------------

-------------------------------------------------------------------------------
Inputs without external driver/transition

The following primary inputs have no external driver or input transition set.   
As a result the transition on the ports will be assumed as zero. The            
'external_driver' attribute is used to add and external driver or the           
'fixed_slew' attribute to add an external transition.                           

port:bmi_chip_top/adc_sample[0]
port:bmi_chip_top/adc_sample[1]
port:bmi_chip_top/adc_sample[2]
  ... 9 other warnings in this category.
 Use the -verbose option for more details.
-------------------------------------------------------------------------------


Lint summary
 Unconnected/logic driven clocks                                  0
 Sequential data pins driven by a clock signal                    1
 Sequential clock pins without clock waveform                     0
 Sequential clock pins with multiple clock waveforms              0
 Generated clocks without clock waveform                          0
 Generated clocks with incompatible options                       0
 Generated clocks with multi-master clock                         0
 Paths constrained with different clocks                          0
 Loop-breaking cells for combinational feedback                   0
 Nets with multiple drivers                                       0
 Timing exceptions with no effect                                 3
 Suspicious multi_cycle exceptions                                0
 Pins/ports with conflicting case constants                       0
 Inputs without clocked external delays                           0
 Outputs without clocked external delays                          0
 Inputs without external driver/transition                       12
 Outputs without external load                                    0
 Exceptions with invalid timing start-/endpoints                  0

                                                  Total:         16
