============================================================
  Generated by:           Genus(TM) Synthesis Solution 18.14-s037_1
  Generated on:           Sep 01 2026  03:24:15 pm
  Module:                 bmi_chip_top
  Operating conditions:   PVT_0P9V_125C 
  Interconnect mode:      global
  Area mode:              physical library
============================================================


Path 1: MET (6311 ps) Setup Check with Pin u_argmax_predicted_class_reg[0]/CK->SI
          Group: clk
     Startpoint: (R) u_mlp_class_scores_reg[1][1]/CK
          Clock: (R) clk
       Endpoint: (R) u_argmax_predicted_class_reg[0]/SI
          Clock: (R) clk

                     Capture       Launch     
        Clock Edge:+   20000            0     
       Src Latency:+       0            0     
       Net Latency:+       0 (I)        0 (I) 
           Arrival:=   20000            0     
                                              
             Setup:-     159                  
     Required Time:=   19841                  
      Launch Clock:-       0                  
         Data Path:-   13530                  
             Slack:=    6311                  

#------------------------------------------------------------------------------------------------------------
#           Timing Point             Flags    Arc   Edge   Cell     Fanout Load Trans Delay Arrival Instance 
#                                                                          (fF)  (ps)  (ps)   (ps)  Location 
#------------------------------------------------------------------------------------------------------------
  u_mlp_class_scores_reg[1][1]/CK    -       -      R     (arrival)    836    -   200     -       0    (-,-) 
  u_mlp_class_scores_reg[1][1]/Q     -       CK->Q  F     SDFFRHQX1      3  8.4   220   413     413    (-,-) 
  u_argmax_gte_30_42_g2308/Y         -       A->Y   R     INVX1          2  6.5   177   208     621    (-,-) 
  u_argmax_gte_30_42_g2254/Y         -       A1->Y  F     AOI21X1        1  4.1   276   269     890    (-,-) 
  u_argmax_gte_30_42_g2241/Y         -       C->Y   F     OR3X1          1  4.1   125   307    1197    (-,-) 
  u_argmax_gte_30_42_g2232/Y         -       C->Y   F     AND3XL         1  4.1   204   207    1404    (-,-) 
  u_argmax_gte_30_42_g2219/Y         -       D->Y   F     OR4X1          1  4.1   136   333    1737    (-,-) 
  u_argmax_gte_30_42_g2216/Y         -       C->Y   F     AND3XL         1  4.6   227   224    1961    (-,-) 
  g73451/Y                           -       A2->Y  R     OAI31X2        1  4.1   217   242    2204    (-,-) 
  u_argmax_gte_30_42_g2211/Y         -       C->Y   R     AND3XL         1  4.1   163   327    2530    (-,-) 
  u_argmax_gte_30_42_g2209/Y         -       B->Y   R     OR2X1          1  4.1    97   178    2708    (-,-) 
  u_argmax_gte_30_42_g2208/Y         -       D->Y   R     AND4X1         1  4.7   136   364    3072    (-,-) 
  g73450/Y                           -       D->Y   F     NOR4X2         1  4.1   126   118    3190    (-,-) 
  g73449/Y                           -       AN->Y  F     NAND3BX2       1  4.2   252   283    3473    (-,-) 
  u_argmax_gte_30_42_g2205/Y         -       B->Y   R     NAND2BX1       1  4.1   139   202    3675    (-,-) 
  u_argmax_gte_30_42_g2204/Y         -       B->Y   R     OR2X1          3  8.6   190   217    3892    (-,-) 
  g72898/Y                           -       A->Y   R     BUFX3         12 29.3   214   260    4153    (-,-) 
  g72734/Y                           -       S0->Y  R     MX2X1          2  6.3   149   295    4448    (-,-) 
  u_argmax_gte_34_40_g890/Y          -       A0N->Y R     AOI2BB1X1      1  4.3   220   251    4699    (-,-) 
  u_argmax_gte_34_40_g889/Y          -       B0->Y  F     AOI21X1        1  4.1   269   200    4899    (-,-) 
  u_argmax_gte_34_40_g888/Y          -       A1->Y  F     OA22X1         1  4.3   129   325    5224    (-,-) 
  u_argmax_gte_34_40_g887/Y          -       A1->Y  R     OAI21X1        1  4.1   229   207    5431    (-,-) 
  u_argmax_gte_34_40_g886/Y          -       A1->Y  R     AO22X1         2  6.3   152   355    5786    (-,-) 
  u_argmax_gte_34_40_g885/Y          -       A1N->Y R     AOI2BB1X1      1  4.3   220   241    6027    (-,-) 
  u_argmax_gte_34_40_g884/Y          -       B0->Y  F     AOI21X1        1  4.1   274   200    6226    (-,-) 
  u_argmax_gte_34_40_g883/Y          -       A1->Y  F     OA22X1         1  4.1   124   324    6550    (-,-) 
  u_argmax_gte_34_40_g882/Y          -       A1->Y  F     OA22X1         1  4.1   124   254    6804    (-,-) 
  u_argmax_gte_34_40_g881/Y          -       A1->Y  F     OA22X1         1  4.1   124   254    7058    (-,-) 
  u_argmax_gte_34_40_g880/Y          -       A1->Y  F     OA22X1         1  4.1   124   254    7312    (-,-) 
  u_argmax_gte_34_40_g879/Y          -       A1->Y  F     OA22X1         1  4.1   124   254    7566    (-,-) 
  u_argmax_gte_34_40_g878/Y          -       A1->Y  F     OA22X1         1  4.1   124   254    7819    (-,-) 
  u_argmax_gte_34_40_g877/Y          -       A1->Y  F     OA22X1         1  4.1   124   254    8073    (-,-) 
  u_argmax_gte_34_40_g876/Y          -       A1->Y  F     OA22X1         1  4.1   124   254    8327    (-,-) 
  u_argmax_gte_34_40_g875/Y          -       A1->Y  F     OA22X1         1  4.1   124   254    8580    (-,-) 
  u_argmax_gte_34_40_g874/Y          -       A1->Y  F     OA22X1         1  4.1   124   254    8834    (-,-) 
  u_argmax_gte_34_40_g873/Y          -       A1->Y  F     OA22X1         1  4.3   129   256    9090    (-,-) 
  u_argmax_gte_34_40_g872/Y          -       A1->Y  R     OAI21X1        1  4.1   228   207    9297    (-,-) 
  u_argmax_gte_34_40_g871/Y          -       A1->Y  R     AO22X1         2  6.3   152   355    9653    (-,-) 
  u_argmax_gte_34_40_g870/Y          -       A1N->Y R     AOI2BB1X1      1  4.3   220   241    9893    (-,-) 
  u_argmax_gte_34_40_g869/Y          -       B0->Y  F     AOI21X1        1  4.1   274   199   10093    (-,-) 
  u_argmax_gte_34_40_g868/Y          -       A1->Y  F     OA22X1         1  4.1   124   324   10417    (-,-) 
  u_argmax_gte_34_40_g867/Y          -       A1->Y  F     OA22X1         1  4.1   124   254   10671    (-,-) 
  u_argmax_gte_34_40_g866/Y          -       A1->Y  F     OA22X1         1  4.1   124   254   10924    (-,-) 
  u_argmax_gte_34_40_g865/Y          -       A1->Y  F     OA22X1         1  4.1   124   254   11178    (-,-) 
  u_argmax_gte_34_40_g864/Y          -       A1->Y  F     OA22X1         1  4.1   124   254   11432    (-,-) 
  u_argmax_gte_34_40_g863/Y          -       A1->Y  F     OA22X1         1  4.1   124   254   11686    (-,-) 
  u_argmax_gte_34_40_g862/Y          -       A1->Y  F     OA22X1         1  4.1   124   254   11939    (-,-) 
  u_argmax_gte_34_40_g861/Y          -       A1->Y  F     OA22X1         1  4.1   124   254   12193    (-,-) 
  u_argmax_gte_34_40_g860/Y          -       A1->Y  F     OA22X1         1  4.1   124   254   12447    (-,-) 
  u_argmax_gte_34_40_g859/Y          -       A1->Y  F     OA22X1         1  4.3   129   256   12703    (-,-) 
  u_argmax_gte_34_40_g858/Y          -       A1->Y  R     OAI21X1        1  4.1   228   207   12910    (-,-) 
  u_argmax_gte_34_40_g857/Y          -       A1->Y  R     AO22X1         2  6.5   156   358   13268    (-,-) 
  g59847/Y                           -       S0->Y  R     MXI2X2         1  4.3    60   262   13530    (-,-) 
  u_argmax_predicted_class_reg[0]/SI <<<     -      R     SDFFRHQX1      1    -     -     0   13530    (-,-) 
#------------------------------------------------------------------------------------------------------------

